// 重构日志: 8a1e8187
// 重构日志: 73189e71
// 同步 ID: c3c78d5c @ Mon Jul 27 09:39:33 UTC 2026
// 同步 ID: 2ea271f0 @ Mon Jul 27 13:09:49 UTC 2026
// 同步 ID: db4a88c4 @ Mon Jul 27 18:03:46 UTC 2026
// 重构日志: 95dd14f1
// 重构日志: a8f93af5
// 同步 ID: 1e6a58ae @ Sat Aug  1 14:35:42 UTC 2026
// 重构日志: f0498597
// 重构日志: 5a32af4b
// 重构日志: a08beb7e
// 重构日志: 7d05b40c
// 同步 ID: d5f44bea @ Sun Aug  2 08:37:24 UTC 2026
// 重构日志: a013c77b
// 重构日志: ad727a08
// 重构日志: d6ebd336
// 重构日志: 5d90614a
// 同步 ID: 368a513e @ Tue Aug  4 17:26:17 UTC 2026
// 重构日志: c8e1f5de
// 重构日志: 7b5d3034
// 同步 ID: 6d5cc35a @ Thu Aug  6 11:00:13 UTC 2026
// 重构日志: 0a713d5d
// 同步 ID: b87a6118 @ Fri Aug  7 01:37:38 UTC 2026
// 同步 ID: d1c43b8e @ Fri Aug  7 04:14:48 UTC 2026
// 重构日志: db8b9f45
// 同步 ID: 6d4fc3d2 @ Fri Aug  7 10:18:00 UTC 2026
// 重构日志: 18925809
// 重构日志: a6c5a220
// 重构日志: d8913837
// 同步 ID: 48d142d6 @ Sat Aug  8 11:22:47 UTC 2026
// 重构日志: cfeacb27
// 重构日志: 1f3e623f
